// Vitest Snapshot v1, https://vitest.dev/guide/snapshot.html

exports[`utils > generateSummaryMarkdownTable > should display all test types together in table format 1`] = `
"# Allure Report Summary
|  | Name | Duration | Stats | New | Flaky | Retry | Report |
|-|-|-|-|-|-|-|-|
| <img src="https://allurecharts.qameta.workers.dev/pie?passed=321&failed=24&broken=3&skipped=10&unknown=12&size=32" width="28px" height="28px" /> | Unit tests | 20m 9s 391ms | <img alt="Passed tests" src="https://allurecharts.qameta.workers.dev/dot?type=passed&size=8" />&nbsp;<span>321</span>&nbsp;&nbsp;&nbsp;<img alt="Failed tests" src="https://allurecharts.qameta.workers.dev/dot?type=failed&size=8" />&nbsp;<span>24</span>&nbsp;&nbsp;&nbsp;<img alt="Broken tests" src="https://allurecharts.qameta.workers.dev/dot?type=broken&size=8" />&nbsp;<span>3</span>&nbsp;&nbsp;&nbsp;<img alt="Skipped tests" src="https://allurecharts.qameta.workers.dev/dot?type=skipped&size=8" />&nbsp;<span>10</span>&nbsp;&nbsp;&nbsp;<img alt="Unknown tests" src="https://allurecharts.qameta.workers.dev/dot?type=unknown&size=8" />&nbsp;<span>12</span> | 1 | 1 | 1 | <a href="https://example.com/allure-report/unit/" target="_blank">📊 View Report</a> |
## Unit tests

<details>
<summary><b>New tests (1)</b></summary>

### New tests
| Status | Test Name | Duration |
|--------|-----------|----------|
| <img src="https://allurecharts.qameta.workers.dev/dot?type=passed&size=8" /> passed | [should validate new feature](https://example.com/allure-report/unit/#new-1) | 45ms |

</details>

<details>
<summary><b>Flaky tests (1)</b></summary>

### Flaky tests
| Status | Test Name | Duration |
|--------|-----------|----------|
| <img src="https://allurecharts.qameta.workers.dev/dot?type=failed&size=8" /> failed | [should handle race condition](https://example.com/allure-report/unit/#flaky-1) | 230ms |

</details>

<details>
<summary><b>Retry tests (1)</b></summary>

### Retry tests
| Status | Test Name | Duration |
|--------|-----------|----------|
| <img src="https://allurecharts.qameta.workers.dev/dot?type=passed&size=8" /> passed | [should reconnect on timeout](https://example.com/allure-report/unit/#retry-1) | 150ms |

</details>
"
`;

exports[`utils > generateSummaryMarkdownTable > should display flaky tests in table format 1`] = `
"# Allure Report Summary
|  | Name | Duration | Stats | New | Flaky | Retry | Report |
|-|-|-|-|-|-|-|-|
| <img src="https://allurecharts.qameta.workers.dev/pie?passed=8&failed=2&broken=0&skipped=0&unknown=0&size=32" width="28px" height="28px" /> | Test Suite 8 | 3s | <img alt="Passed tests" src="https://allurecharts.qameta.workers.dev/dot?type=passed&size=8" />&nbsp;<span>8</span>&nbsp;&nbsp;&nbsp;<img alt="Failed tests" src="https://allurecharts.qameta.workers.dev/dot?type=failed&size=8" />&nbsp;<span>2</span>&nbsp;&nbsp;&nbsp;<img alt="Broken tests" src="https://allurecharts.qameta.workers.dev/dot?type=broken&size=8" />&nbsp;<span>0</span>&nbsp;&nbsp;&nbsp;<img alt="Skipped tests" src="https://allurecharts.qameta.workers.dev/dot?type=skipped&size=8" />&nbsp;<span>0</span>&nbsp;&nbsp;&nbsp;<img alt="Unknown tests" src="https://allurecharts.qameta.workers.dev/dot?type=unknown&size=8" />&nbsp;<span>0</span> | 0 | 2 | 0 | <a href="https://example.com/report/" target="_blank">📊 View Report</a> |
## Test Suite 8

<details>
<summary><b>Flaky tests (2)</b></summary>

### Flaky tests
| Status | Test Name | Duration |
|--------|-----------|----------|
| <img src="https://allurecharts.qameta.workers.dev/dot?type=failed&size=8" /> failed | [should handle async operations](https://example.com/report/#test-4) | 150ms |
| <img src="https://allurecharts.qameta.workers.dev/dot?type=passed&size=8" /> passed | [should process network requests](https://example.com/report/#test-5) | 180ms |

</details>
"
`;

exports[`utils > generateSummaryMarkdownTable > should display new tests in table format 1`] = `
"# Allure Report Summary
|  | Name | Duration | Stats | New | Flaky | Retry | Report |
|-|-|-|-|-|-|-|-|
| <img src="https://allurecharts.qameta.workers.dev/pie?passed=10&failed=1&broken=0&skipped=0&unknown=0&size=32" width="28px" height="28px" /> | Test Suite 7 | 5s | <img alt="Passed tests" src="https://allurecharts.qameta.workers.dev/dot?type=passed&size=8" />&nbsp;<span>10</span>&nbsp;&nbsp;&nbsp;<img alt="Failed tests" src="https://allurecharts.qameta.workers.dev/dot?type=failed&size=8" />&nbsp;<span>1</span>&nbsp;&nbsp;&nbsp;<img alt="Broken tests" src="https://allurecharts.qameta.workers.dev/dot?type=broken&size=8" />&nbsp;<span>0</span>&nbsp;&nbsp;&nbsp;<img alt="Skipped tests" src="https://allurecharts.qameta.workers.dev/dot?type=skipped&size=8" />&nbsp;<span>0</span>&nbsp;&nbsp;&nbsp;<img alt="Unknown tests" src="https://allurecharts.qameta.workers.dev/dot?type=unknown&size=8" />&nbsp;<span>0</span> | 3 | 0 | 0 | <a href="https://example.com/report/" target="_blank">📊 View Report</a> |
## Test Suite 7

<details>
<summary><b>New tests (3)</b></summary>

### New tests
| Status | Test Name | Duration |
|--------|-----------|----------|
| <img src="https://allurecharts.qameta.workers.dev/dot?type=failed&size=8" /> failed | [should be awesome](https://example.com/report/#test-1) | 120ms |
| <img src="https://allurecharts.qameta.workers.dev/dot?type=passed&size=8" /> passed | [should handle edge cases](https://example.com/report/#test-2) | 85ms |
| <img src="https://allurecharts.qameta.workers.dev/dot?type=passed&size=8" /> passed | [should process input correctly](https://example.com/report/#test-3) | 95ms |

</details>
"
`;

exports[`utils > generateSummaryMarkdownTable > should display retry tests in table format 1`] = `
"# Allure Report Summary
|  | Name | Duration | Stats | New | Flaky | Retry | Report |
|-|-|-|-|-|-|-|-|
| <img src="https://allurecharts.qameta.workers.dev/pie?passed=15&failed=0&broken=0&skipped=0&unknown=0&size=32" width="28px" height="28px" /> | Test Suite 9 | 7s | <img alt="Passed tests" src="https://allurecharts.qameta.workers.dev/dot?type=passed&size=8" />&nbsp;<span>15</span>&nbsp;&nbsp;&nbsp;<img alt="Failed tests" src="https://allurecharts.qameta.workers.dev/dot?type=failed&size=8" />&nbsp;<span>0</span>&nbsp;&nbsp;&nbsp;<img alt="Broken tests" src="https://allurecharts.qameta.workers.dev/dot?type=broken&size=8" />&nbsp;<span>0</span>&nbsp;&nbsp;&nbsp;<img alt="Skipped tests" src="https://allurecharts.qameta.workers.dev/dot?type=skipped&size=8" />&nbsp;<span>0</span>&nbsp;&nbsp;&nbsp;<img alt="Unknown tests" src="https://allurecharts.qameta.workers.dev/dot?type=unknown&size=8" />&nbsp;<span>0</span> | 0 | 0 | 1 | <a href="https://example.com/report/" target="_blank">📊 View Report</a> |
## Test Suite 9

<details>
<summary><b>Retry tests (1)</b></summary>

### Retry tests
| Status | Test Name | Duration |
|--------|-----------|----------|
| <img src="https://allurecharts.qameta.workers.dev/dot?type=passed&size=8" /> passed | [should retry database connection](https://example.com/report/#test-6) | 200ms |

</details>
"
`;

exports[`utils > generateSummaryMarkdownTable > should display tests with all possible statuses (passed, failed, broken, skipped, unknown) 1`] = `
"# Allure Report Summary
|  | Name | Duration | Stats | New | Flaky | Retry | Report |
|-|-|-|-|-|-|-|-|
| <img src="https://allurecharts.qameta.workers.dev/pie?passed=10&failed=5&broken=3&skipped=2&unknown=1&size=32" width="28px" height="28px" /> | Test Suite 11 | 5s | <img alt="Passed tests" src="https://allurecharts.qameta.workers.dev/dot?type=passed&size=8" />&nbsp;<span>10</span>&nbsp;&nbsp;&nbsp;<img alt="Failed tests" src="https://allurecharts.qameta.workers.dev/dot?type=failed&size=8" />&nbsp;<span>5</span>&nbsp;&nbsp;&nbsp;<img alt="Broken tests" src="https://allurecharts.qameta.workers.dev/dot?type=broken&size=8" />&nbsp;<span>3</span>&nbsp;&nbsp;&nbsp;<img alt="Skipped tests" src="https://allurecharts.qameta.workers.dev/dot?type=skipped&size=8" />&nbsp;<span>2</span>&nbsp;&nbsp;&nbsp;<img alt="Unknown tests" src="https://allurecharts.qameta.workers.dev/dot?type=unknown&size=8" />&nbsp;<span>1</span> | 5 | 0 | 0 | <a href="https://example.com/report/" target="_blank">📊 View Report</a> |
## Test Suite 11

<details>
<summary><b>New tests (5)</b></summary>

### New tests
| Status | Test Name | Duration |
|--------|-----------|----------|
| <img src="https://allurecharts.qameta.workers.dev/dot?type=passed&size=8" /> passed | [should pass successfully](https://example.com/report/#test-passed) | 100ms |
| <img src="https://allurecharts.qameta.workers.dev/dot?type=failed&size=8" /> failed | [should fail with error](https://example.com/report/#test-failed) | 150ms |
| <img src="https://allurecharts.qameta.workers.dev/dot?type=broken&size=8" /> broken | [should be broken](https://example.com/report/#test-broken) | 120ms |
| <img src="https://allurecharts.qameta.workers.dev/dot?type=skipped&size=8" /> skipped | [should be skipped](https://example.com/report/#test-skipped) | 0ms |
| <img src="https://allurecharts.qameta.workers.dev/dot?type=unknown&size=8" /> unknown | [should have unknown status](https://example.com/report/#test-unknown) | 80ms |

</details>
"
`;

exports[`utils > generateSummaryMarkdownTable > should display tests without remoteHref in table format 1`] = `
"# Allure Report Summary
|  | Name | Duration | Stats | New | Flaky | Retry | Report |
|-|-|-|-|-|-|-|-|
| <img src="https://allurecharts.qameta.workers.dev/pie?passed=5&failed=0&broken=0&skipped=0&unknown=0&size=32" width="28px" height="28px" /> | Test Suite 10 | 2s | <img alt="Passed tests" src="https://allurecharts.qameta.workers.dev/dot?type=passed&size=8" />&nbsp;<span>5</span>&nbsp;&nbsp;&nbsp;<img alt="Failed tests" src="https://allurecharts.qameta.workers.dev/dot?type=failed&size=8" />&nbsp;<span>0</span>&nbsp;&nbsp;&nbsp;<img alt="Broken tests" src="https://allurecharts.qameta.workers.dev/dot?type=broken&size=8" />&nbsp;<span>0</span>&nbsp;&nbsp;&nbsp;<img alt="Skipped tests" src="https://allurecharts.qameta.workers.dev/dot?type=skipped&size=8" />&nbsp;<span>0</span>&nbsp;&nbsp;&nbsp;<img alt="Unknown tests" src="https://allurecharts.qameta.workers.dev/dot?type=unknown&size=8" />&nbsp;<span>0</span> | 1 | 0 | 0 |  |
## Test Suite 10

<details>
<summary><b>New tests (1)</b></summary>

### New tests
| Status | Test Name | Duration |
|--------|-----------|----------|
| <img src="https://allurecharts.qameta.workers.dev/dot?type=passed&size=8" /> passed | should work without links | 100ms |

</details>
"
`;

exports[`utils > generateSummaryMarkdownTable > should generate a table for a single summary with remoteHref 1`] = `
"# Allure Report Summary
|  | Name | Duration | Stats | New | Flaky | Retry | Report |
|-|-|-|-|-|-|-|-|
| <img src="https://allurecharts.qameta.workers.dev/pie?passed=5&failed=0&broken=0&skipped=1&unknown=0&size=32" width="28px" height="28px" /> | Test Suite 2 | 3s | <img alt="Passed tests" src="https://allurecharts.qameta.workers.dev/dot?type=passed&size=8" />&nbsp;<span>5</span>&nbsp;&nbsp;&nbsp;<img alt="Failed tests" src="https://allurecharts.qameta.workers.dev/dot?type=failed&size=8" />&nbsp;<span>0</span>&nbsp;&nbsp;&nbsp;<img alt="Broken tests" src="https://allurecharts.qameta.workers.dev/dot?type=broken&size=8" />&nbsp;<span>0</span>&nbsp;&nbsp;&nbsp;<img alt="Skipped tests" src="https://allurecharts.qameta.workers.dev/dot?type=skipped&size=8" />&nbsp;<span>1</span>&nbsp;&nbsp;&nbsp;<img alt="Unknown tests" src="https://allurecharts.qameta.workers.dev/dot?type=unknown&size=8" />&nbsp;<span>0</span> | 0 | 0 | 0 | <a href="https://example.com/report/" target="_blank">📊 View Report</a> |"
`;

exports[`utils > generateSummaryMarkdownTable > should generate a table for a single summary without remoteHref 1`] = `
"# Allure Report Summary
|  | Name | Duration | Stats | New | Flaky | Retry | Report |
|-|-|-|-|-|-|-|-|
| <img src="https://allurecharts.qameta.workers.dev/pie?passed=10&failed=2&broken=1&skipped=3&unknown=0&size=32" width="28px" height="28px" /> | Test Suite 1 | 5s | <img alt="Passed tests" src="https://allurecharts.qameta.workers.dev/dot?type=passed&size=8" />&nbsp;<span>10</span>&nbsp;&nbsp;&nbsp;<img alt="Failed tests" src="https://allurecharts.qameta.workers.dev/dot?type=failed&size=8" />&nbsp;<span>2</span>&nbsp;&nbsp;&nbsp;<img alt="Broken tests" src="https://allurecharts.qameta.workers.dev/dot?type=broken&size=8" />&nbsp;<span>1</span>&nbsp;&nbsp;&nbsp;<img alt="Skipped tests" src="https://allurecharts.qameta.workers.dev/dot?type=skipped&size=8" />&nbsp;<span>3</span>&nbsp;&nbsp;&nbsp;<img alt="Unknown tests" src="https://allurecharts.qameta.workers.dev/dot?type=unknown&size=8" />&nbsp;<span>0</span> | 0 | 0 | 0 |  |"
`;

exports[`utils > generateSummaryMarkdownTable > should generate a table for multiple summaries 1`] = `
"# Allure Report Summary
|  | Name | Duration | Stats | New | Flaky | Retry | Report |
|-|-|-|-|-|-|-|-|
| <img src="https://allurecharts.qameta.workers.dev/pie?passed=10&failed=2&broken=1&skipped=3&unknown=0&size=32" width="28px" height="28px" /> | Test Suite 1 | 5s | <img alt="Passed tests" src="https://allurecharts.qameta.workers.dev/dot?type=passed&size=8" />&nbsp;<span>10</span>&nbsp;&nbsp;&nbsp;<img alt="Failed tests" src="https://allurecharts.qameta.workers.dev/dot?type=failed&size=8" />&nbsp;<span>2</span>&nbsp;&nbsp;&nbsp;<img alt="Broken tests" src="https://allurecharts.qameta.workers.dev/dot?type=broken&size=8" />&nbsp;<span>1</span>&nbsp;&nbsp;&nbsp;<img alt="Skipped tests" src="https://allurecharts.qameta.workers.dev/dot?type=skipped&size=8" />&nbsp;<span>3</span>&nbsp;&nbsp;&nbsp;<img alt="Unknown tests" src="https://allurecharts.qameta.workers.dev/dot?type=unknown&size=8" />&nbsp;<span>0</span> | 0 | 0 | 0 |  |
| <img src="https://allurecharts.qameta.workers.dev/pie?passed=5&failed=0&broken=0&skipped=1&unknown=0&size=32" width="28px" height="28px" /> | Test Suite 2 | 3s | <img alt="Passed tests" src="https://allurecharts.qameta.workers.dev/dot?type=passed&size=8" />&nbsp;<span>5</span>&nbsp;&nbsp;&nbsp;<img alt="Failed tests" src="https://allurecharts.qameta.workers.dev/dot?type=failed&size=8" />&nbsp;<span>0</span>&nbsp;&nbsp;&nbsp;<img alt="Broken tests" src="https://allurecharts.qameta.workers.dev/dot?type=broken&size=8" />&nbsp;<span>0</span>&nbsp;&nbsp;&nbsp;<img alt="Skipped tests" src="https://allurecharts.qameta.workers.dev/dot?type=skipped&size=8" />&nbsp;<span>1</span>&nbsp;&nbsp;&nbsp;<img alt="Unknown tests" src="https://allurecharts.qameta.workers.dev/dot?type=unknown&size=8" />&nbsp;<span>0</span> | 0 | 0 | 0 | <a href="https://example.com/report/" target="_blank">📊 View Report</a> |"
`;

exports[`utils > generateSummaryMarkdownTable > should handle complex durations 1`] = `
"# Allure Report Summary
|  | Name | Duration | Stats | New | Flaky | Retry | Report |
|-|-|-|-|-|-|-|-|
| <img src="https://allurecharts.qameta.workers.dev/pie?passed=20&failed=0&broken=0&skipped=0&unknown=0&size=32" width="28px" height="28px" /> | Test Suite 4 | 1h 1m 1s 1ms | <img alt="Passed tests" src="https://allurecharts.qameta.workers.dev/dot?type=passed&size=8" />&nbsp;<span>20</span>&nbsp;&nbsp;&nbsp;<img alt="Failed tests" src="https://allurecharts.qameta.workers.dev/dot?type=failed&size=8" />&nbsp;<span>0</span>&nbsp;&nbsp;&nbsp;<img alt="Broken tests" src="https://allurecharts.qameta.workers.dev/dot?type=broken&size=8" />&nbsp;<span>0</span>&nbsp;&nbsp;&nbsp;<img alt="Skipped tests" src="https://allurecharts.qameta.workers.dev/dot?type=skipped&size=8" />&nbsp;<span>0</span>&nbsp;&nbsp;&nbsp;<img alt="Unknown tests" src="https://allurecharts.qameta.workers.dev/dot?type=unknown&size=8" />&nbsp;<span>0</span> | 0 | 0 | 0 |  |"
`;

exports[`utils > generateSummaryMarkdownTable > should handle custom stats properties 1`] = `
"# Allure Report Summary
|  | Name | Duration | Stats | New | Flaky | Retry | Report |
|-|-|-|-|-|-|-|-|
| <img src="https://allurecharts.qameta.workers.dev/pie?passed=10&failed=2&broken=1&skipped=3&unknown=0&size=32" width="28px" height="28px" /> | Test Suite 6 | 1s 500ms | <img alt="Passed tests" src="https://allurecharts.qameta.workers.dev/dot?type=passed&size=8" />&nbsp;<span>10</span>&nbsp;&nbsp;&nbsp;<img alt="Failed tests" src="https://allurecharts.qameta.workers.dev/dot?type=failed&size=8" />&nbsp;<span>2</span>&nbsp;&nbsp;&nbsp;<img alt="Broken tests" src="https://allurecharts.qameta.workers.dev/dot?type=broken&size=8" />&nbsp;<span>1</span>&nbsp;&nbsp;&nbsp;<img alt="Skipped tests" src="https://allurecharts.qameta.workers.dev/dot?type=skipped&size=8" />&nbsp;<span>3</span>&nbsp;&nbsp;&nbsp;<img alt="Unknown tests" src="https://allurecharts.qameta.workers.dev/dot?type=unknown&size=8" />&nbsp;<span>0</span> | 0 | 0 | 0 |  |"
`;

exports[`utils > generateSummaryMarkdownTable > should handle missing stats properties 1`] = `
"# Allure Report Summary
|  | Name | Duration | Stats | New | Flaky | Retry | Report |
|-|-|-|-|-|-|-|-|
| <img src="https://allurecharts.qameta.workers.dev/pie?passed=7&failed=0&broken=0&skipped=0&unknown=0&size=32" width="28px" height="28px" /> | Test Suite 3 | 2s 500ms | <img alt="Passed tests" src="https://allurecharts.qameta.workers.dev/dot?type=passed&size=8" />&nbsp;<span>7</span>&nbsp;&nbsp;&nbsp;<img alt="Failed tests" src="https://allurecharts.qameta.workers.dev/dot?type=failed&size=8" />&nbsp;<span>0</span>&nbsp;&nbsp;&nbsp;<img alt="Broken tests" src="https://allurecharts.qameta.workers.dev/dot?type=broken&size=8" />&nbsp;<span>0</span>&nbsp;&nbsp;&nbsp;<img alt="Skipped tests" src="https://allurecharts.qameta.workers.dev/dot?type=skipped&size=8" />&nbsp;<span>0</span>&nbsp;&nbsp;&nbsp;<img alt="Unknown tests" src="https://allurecharts.qameta.workers.dev/dot?type=unknown&size=8" />&nbsp;<span>0</span> | 0 | 0 | 0 |  |"
`;

exports[`utils > generateSummaryMarkdownTable > should handle negative or zero duration 1`] = `
"# Allure Report Summary
|  | Name | Duration | Stats | New | Flaky | Retry | Report |
|-|-|-|-|-|-|-|-|
| <img src="https://allurecharts.qameta.workers.dev/pie?passed=5&failed=0&broken=0&skipped=0&unknown=0&size=32" width="28px" height="28px" /> | Test Suite 5 | 0ms | <img alt="Passed tests" src="https://allurecharts.qameta.workers.dev/dot?type=passed&size=8" />&nbsp;<span>5</span>&nbsp;&nbsp;&nbsp;<img alt="Failed tests" src="https://allurecharts.qameta.workers.dev/dot?type=failed&size=8" />&nbsp;<span>0</span>&nbsp;&nbsp;&nbsp;<img alt="Broken tests" src="https://allurecharts.qameta.workers.dev/dot?type=broken&size=8" />&nbsp;<span>0</span>&nbsp;&nbsp;&nbsp;<img alt="Skipped tests" src="https://allurecharts.qameta.workers.dev/dot?type=skipped&size=8" />&nbsp;<span>0</span>&nbsp;&nbsp;&nbsp;<img alt="Unknown tests" src="https://allurecharts.qameta.workers.dev/dot?type=unknown&size=8" />&nbsp;<span>0</span> | 0 | 0 | 0 |  |"
`;

exports[`utils > generateSummaryMarkdownTable > should return a table with header only for empty array 1`] = `
"# Allure Report Summary
|  | Name | Duration | Stats | New | Flaky | Retry | Report |
|-|-|-|-|-|-|-|-|"
`;
